[in brightness settings]
TLB ERROR
TARGET=00010000
PC    =00000000
--------------------
[after selecting keybinds]
TLB ERROR
TARGET=00010000
PC    =00000000
----------------------
[after selecting frameskip]
TLB ERROR
TARGET=00010000
PC    =00000000
----------------------
[after selecting colour palette]
TLB ERROR
TARGET=00010000
PC    =00000000
----------------------
[after trying to select rom in get_rom_list_fs]
TLB ERROR
TARGET=00010000
PC    =FE008060